Microchip MPLAB XC8 Compiler V2.20

Linker command line:

-W-3 --edf=C:\Program Files\Microchip\xc8\v2.20\pic\dat\en_msgs.txt -cn \
  -h+dist/default/production\RGB_Controller_HWv1.0.X.production.sym \
  --cmf=dist/default/production\RGB_Controller_HWv1.0.X.production.cmf -z \
  -Q18F25K22 -oC:\Users\MRCHU_~1\AppData\Local\Temp\sanc.2 \
  --defsym=__MPLAB_BUILD=1 \
  -Mdist/default/production/RGB_Controller_HWv1.0.X.production.map -E1 \
  -ver=XC8 Compiler --acfsm=1493 -ASTACK=0AEh-05FFh -pstack=STACK \
  -ACODE=00h-07FFFh -ACONST=00h-07FFFh -ASMALLCONST=0600h-06FFhx122 \
  -AMEDIUMCONST=0600h-07FFFh -ACOMRAM=01h-05Fh -AABS1=00h-05FFh \
  -ABIGRAM=01h-05FFh -ARAM=060h-0FFh,0100h-01FFhx5 -ABANK0=060h-0FFh \
  -ABANK1=0100h-01FFh -ABANK2=0200h-02FFh -ABANK3=0300h-03FFh \
  -ABANK4=0400h-04FFh -ABANK5=0500h-05FFh -ASFR=0F38h-0F5Fh,0F60h-0FFFh \
  -ACONFIG=0300000h-030000Dh -AIDLOC=0200000h-0200007h \
  -preset_vec=00h,intcode=08h,intcodelo,powerup,init -pramtop=0600h \
  -psmallconst=SMALLCONST -pmediumconst=MEDIUMCONST -pconst=CONST \
  -AFARRAM=00h-00h -AEEDATA=0F00000h-0F000FFh -peeprom_data=EEDATA \
  -prdata=COMRAM,nvrram=COMRAM,nvbit=COMRAM,rbss=COMRAM,rbit=COMRAM \
  -pfarbss=FARRAM,fardata=FARRAM,nvFARRAM=FARRAM \
  -pintsave_regs=BIGRAM,bigbss=BIGRAM,bigdata=BIGRAM -pbss=RAM \
  -pidata=CODE,irdata=CODE,ibigdata=CODE,ifardata=CODE -prparam=COMRAM \
  C:\Users\MRCHU_~1\AppData\Local\Temp\sanc.o \
  dist/default/production\RGB_Controller_HWv1.0.X.production.o 

Object code version is 3.11

Machine type is 18F25K22



                Name                               Link     Load   Length Selector   Space Scale
C:\Users\MRCHU_~1\AppData\Local\Temp\sanc.o
                idloc                            200000   200000        8        0       5
                config                           300000   300000        E        0       4
                init                                196      196        4        4       0
                reset_vec                             0        0        4        0       0
dist/default/production\RGB_Controller_HWv1.0.X.production.o
                intcode                               8        8      18E        4       0
                idloc                            200000   200000        8        0       5
                config                           300000   300000        E        0       4
                temp                                 25       25        1        1       1
                text8                               324      324       2E        4       0
                text7                               3AA      3AA       10        4       0
                text6                               352      352       26        4       0
                text5                               224      224       78        4       0
                text4                               3BA      3BA        E        4       0
                text3                               3C8      3C8        8        4       0
                text2                               378      378       1E        4       0
                text1                               19A      19A       8A        4       0
                text0                               396      396       14        4       0
                cstackCOMRAM                         18       18        D        1       1
                dataBANK0                            60       60       4E       60       1
                bssCOMRAM                             1        1       17        1       1
                cinit                               2EA      2EA       3A        4       0
                idataBANK0                          29C      29C       4E        4       0

TOTAL           Name                               Link     Load   Length     Space
        CLASS   STACK          

        CLASS   CODE           
                intcode                               8        8      18E         0
                init                                196      196        4         0
                reset_vec                             0        0        4         0
                text8                               324      324       2E         0
                text7                               3AA      3AA       10         0
                text6                               352      352       26         0
                text5                               224      224       78         0
                text4                               3BA      3BA        E         0
                text3                               3C8      3C8        8         0
                text2                               378      378       1E         0
                text1                               19A      19A       8A         0
                text0                               396      396       14         0
                cinit                               2EA      2EA       3A         0
                idataBANK0                          29C      29C       4E         0

        CLASS   CONST          

        CLASS   SMALLCONST     

        CLASS   MEDIUMCONST    

        CLASS   COMRAM         
                temp                                 25       25        1         1
                cstackCOMRAM                         18       18        D         1
                bssCOMRAM                             1        1       17         1

        CLASS   ABS1           

        CLASS   BIGRAM         

        CLASS   RAM            

        CLASS   BANK0          
                dataBANK0                            60       60       4E         1

        CLASS   BANK1          

        CLASS   BANK2          

        CLASS   BANK3          

        CLASS   BANK4          

        CLASS   BANK5          

        CLASS   SFR            

        CLASS   CONFIG         
                config                           300000   300000        E         4

        CLASS   IDLOC          
                idloc                            200000   200000        8         5

        CLASS   FARRAM         

        CLASS   EEDATA         



SEGMENTS        Name                           Load    Length   Top    Selector   Space  Class

                reset_vec                      000000  000004  000004         0       0  CODE    
                bssCOMRAM                      000001  000025  000026         1       1  COMRAM  
                intcode                        000008  0003C8  0003D0         4       0  CODE    
                dataBANK0                      000060  00004E  0000AE        60       1  BANK0   


UNUSED ADDRESS RANGES

        Name                Unused          Largest block    Delta
        BANK0            0000AE-0000FF               52
        BANK1            000100-0001FF              100
        BANK2            000200-0002FF              100
        BANK3            000300-0003FF              100
        BANK4            000400-0004FF              100
        BANK5            000500-0005FF              100
        BIGRAM           000026-00005F               3A
                         0000AE-0005FF              552
        CODE             000004-000007                4
                         0003D0-007FFF             7C30
        COMRAM           000026-00005F               3A
        CONST            000004-000007                4
                         0003D0-007FFF             7C30
        EEDATA           F00000-F000FF              100
        MEDIUMCONST      000600-007FFF             7A00
        RAM              0000AE-0005FF              100
        SFR              000F38-000FFF               28
        SMALLCONST       000600-007FFF              100
        STACK            0000AE-0005FF              552

                                  Symbol Table

?___wmul                             cstackCOMRAM 00001A
IO_ENCODERSetColors@currentLedNumber cstackCOMRAM 000023
PWM_SetDutty@colorBlue               cstackCOMRAM 000021
PWM_SetDutty@colorGreen              cstackCOMRAM 000020
PWM_SetDutty@colorRed                cstackCOMRAM 000022
_ANSELA                              (abs)        000F38
_ANSELB                              (abs)        000F39
_ANSELC                              (abs)        000F3A
_ENCODER_Init                        text4        0003BA
_ENCODER_SwitchRead                  text8        000324
_INTCON2bits                         (abs)        000FF1
_INTCONbits                          (abs)        000FF2
_INTERRUPT_Enable                    text3        0003C8
_INTERRUPT_Manager                   intcode      000008
_IOCBbits                            (abs)        000F62
_IO_ENCODERSetColors                 text5        000224
_LATA                                (abs)        000F89
_LATAbits                            (abs)        000F89
_LATB                                (abs)        000F8A
_LATC                                (abs)        000F8B
_LATCbits                            (abs)        000F8B
_MCU_Init                            text1        00019A
_OSCCONbits                          (abs)        000FD3
_PORTA                               (abs)        000F80
_PORTB                               (abs)        000F81
_PORTBbits                           (abs)        000F81
_PORTC                               (abs)        000F82
_PORTCbits                           (abs)        000F82
_PWMDutty                            bssCOMRAM    00000E
_PWM_Init                            text2        000378
_PWM_SetDutty                        text7        0003AA
_RCONbits                            (abs)        000FD0
_T0CONbits                           (abs)        000FD5
_TMR0H                               (abs)        000FD7
_TMR0L                               (abs)        000FD6
_TRISA                               (abs)        000F92
_TRISB                               (abs)        000F93
_TRISC                               (abs)        000F94
_Ticks                               bssCOMRAM    000012
__HRAM                               (abs)        000000
__Habs1                              abs1         000000
__Hbank0                             bank0        000000
__Hbank1                             bank1        000000
__Hbank2                             bank2        000000
__Hbank3                             bank3        000000
__Hbank4                             bank4        000000
__Hbank5                             bank5        000000
__Hbigbss                            bigbss       000000
__Hbigdata                           bigdata      000000
__Hbigram                            bigram       000000
__Hbss                               bss          000000
__HbssCOMRAM                         bssCOMRAM    000000
__Hcinit                             cinit        000000
__Hclrtext                           clrtext      000000
__Hcomram                            comram       000000
__Hconfig                            config       30000E
__Hconst                             const        000000
__HcstackCOMRAM                      cstackCOMRAM 000000
__Hdata                              data         000000
__HdataBANK0                         dataBANK0    000000
__Heeprom_data                       eeprom_data  000000
__Hfarbss                            farbss       000000
__Hfardata                           fardata      000000
__Hibigdata                          ibigdata     000000
__Hidata                             idata        000000
__HidataBANK0                        idataBANK0   000000
__Hidloc                             idloc        200008
__Hifardata                          ifardata     000000
__Hinit                              init         00019A
__Hintcode                           intcode      000196
__Hintcode_body                      intcode_body 000000
__Hintcodelo                         intcodelo    000196
__Hintentry                          intentry     000000
__Hintret                            intret       000000
__Hintsave_regs                      intsave_regs 000000
__Hirdata                            irdata       000000
__Hmediumconst                       mediumconst  000000
__HnvFARRAM                          nvFARRAM     000000
__Hnvbit                             nvbit        000000
__Hnvrram                            nvrram       000000
__Hparam                             rparam       000000
__Hpowerup                           powerup      000196
__Hram                               ram          000000
__Hramtop                            ramtop       000600
__Hrbit                              rbit         000000
__Hrbss                              rbss         000000
__Hrdata                             rdata        000000
__Hreset_vec                         reset_vec    000004
__Hrparam                            rparam       000000
__Hsfr                               sfr          000000
__Hsmallconst                        smallconst   000000
__Hspace_0                           (abs)        000600
__Hspace_1                           (abs)        0000AE
__Hspace_2                           (abs)        000000
__Hspace_4                           (abs)        60000E
__Hstack                             stack        000000
__Hstruct                            struct       000000
__Htemp                              temp         000026
__Htext                              text         000000
__Htext0                             text0        000000
__Htext1                             text1        000000
__Htext2                             text2        000000
__Htext3                             text3        000000
__Htext4                             text4        000000
__Htext5                             text5        000000
__Htext6                             text6        000000
__Htext7                             text7        000000
__Htext8                             text8        000000
__LRAM                               (abs)        000001
__Labs1                              abs1         000000
__Lbank0                             bank0        000000
__Lbank1                             bank1        000000
__Lbank2                             bank2        000000
__Lbank3                             bank3        000000
__Lbank4                             bank4        000000
__Lbank5                             bank5        000000
__Lbigbss                            bigbss       000000
__Lbigdata                           bigdata      000000
__Lbigram                            bigram       000000
__Lbss                               bss          000000
__LbssCOMRAM                         bssCOMRAM    000000
__Lcinit                             cinit        000000
__Lclrtext                           clrtext      000000
__Lcomram                            comram       000000
__Lconfig                            config       000000
__Lconst                             const        000000
__LcstackCOMRAM                      cstackCOMRAM 000000
__Ldata                              data         000000
__LdataBANK0                         dataBANK0    000000
__Leeprom_data                       eeprom_data  000000
__Lfarbss                            farbss       000000
__Lfardata                           fardata      000000
__Libigdata                          ibigdata     000000
__Lidata                             idata        000000
__LidataBANK0                        idataBANK0   000000
__Lidloc                             idloc        000000
__Lifardata                          ifardata     000000
__Linit                              init         000196
__Lintcode                           intcode      000008
__Lintcode_body                      intcode_body 000000
__Lintcodelo                         intcodelo    000196
__Lintentry                          intentry     000000
__Lintret                            intret       000000
__Lintsave_regs                      intsave_regs 000000
__Lirdata                            irdata       000000
__Lmediumconst                       mediumconst  000000
__LnvFARRAM                          nvFARRAM     000000
__Lnvbit                             nvbit        000000
__Lnvrram                            nvrram       000000
__Lparam                             rparam       000000
__Lpowerup                           powerup      000196
__Lram                               ram          000000
__Lramtop                            ramtop       000600
__Lrbit                              rbit         000000
__Lrbss                              rbss         000000
__Lrdata                             rdata        000000
__Lreset_vec                         reset_vec    000000
__Lrparam                            rparam       000000
__Lsfr                               sfr          000000
__Lsmallconst                        smallconst   000000
__Lspace_0                           (abs)        000000
__Lspace_1                           (abs)        000000
__Lspace_2                           (abs)        000000
__Lspace_4                           (abs)        000000
__Lstack                             stack        000000
__Lstruct                            struct       000000
__Ltemp                              temp         000025
__Ltext                              text         000000
__Ltext0                             text0        000000
__Ltext1                             text1        000000
__Ltext2                             text2        000000
__Ltext3                             text3        000000
__Ltext4                             text4        000000
__Ltext5                             text5        000000
__Ltext6                             text6        000000
__Ltext7                             text7        000000
__Ltext8                             text8        000000
__S0                                 (abs)        0003D0
__S1                                 (abs)        0000AE
__S2                                 (abs)        000000
__S4                                 (abs)        000000
__S5                                 (abs)        000000
___inthi_sp                          stack        000000
___intlo_sp                          stack        000000
___param_bank                        (abs)        000000
___rparam_used                       (abs)        000001
___sp                                stack        000000
___wmul                              text6        000352
___wmul@multiplicand                 cstackCOMRAM 00001C
___wmul@multiplier                   cstackCOMRAM 00001A
___wmul@product                      cstackCOMRAM 00001E
__accesstop                          (abs)        000060
__activetblptr                       (abs)        000002
__end_of_ENCODER_Init                text4        0003C8
__end_of_ENCODER_SwitchRead          text8        000352
__end_of_INTERRUPT_Enable            text3        0003D0
__end_of_INTERRUPT_Manager           intcode      000196
__end_of_IO_ENCODERSetColors         text5        00029C
__end_of_MCU_Init                    text1        000224
__end_of_PWM_Init                    text2        000396
__end_of_PWM_SetDutty                text7        0003BA
__end_of___wmul                      text6        000378
__end_of__initialization             cinit        000316
__end_of_main                        text0        0003AA
__initialization                     cinit        0002EA
__mediumconst                        mediumconst  000000
__pbssCOMRAM                         bssCOMRAM    000001
__pcinit                             cinit        0002EA
__pcstackCOMRAM                      cstackCOMRAM 000018
__pdataBANK0                         dataBANK0    000060
__pidataBANK0                        idataBANK0   00029C
__pintcode                           intcode      000008
__ptext0                             text0        000396
__ptext1                             text1        00019A
__ptext2                             text2        000378
__ptext3                             text3        0003C8
__ptext4                             text4        0003BA
__ptext5                             text5        000224
__ptext6                             text6        000352
__ptext7                             text7        0003AA
__ptext8                             text8        000324
__ramtop                             ramtop       000600
__size_of_ENCODER_Init               (abs)        000000
__size_of_ENCODER_SwitchRead         (abs)        000000
__size_of_INTERRUPT_Enable           (abs)        000000
__size_of_INTERRUPT_Manager          (abs)        000000
__size_of_IO_ENCODERSetColors        (abs)        000000
__size_of_MCU_Init                   (abs)        000000
__size_of_PWM_Init                   (abs)        000000
__size_of_PWM_SetDutty               (abs)        000000
__size_of___wmul                     (abs)        000000
__size_of_main                       (abs)        000000
__smallconst                         smallconst   000000
_color                               bssCOMRAM    000016
_colors                              dataBANK0    000060
_levelColor                          bssCOMRAM    000017
_main                                text0        000396
_rotary                              bssCOMRAM    000001
_ticksRGB                            bssCOMRAM    000014
btemp                                temp         000025
end_of_initialization                cinit        000316
int$flags                            temp         000025
intlevel0                            text         000000
intlevel1                            text         000000
intlevel2                            text         000000
intlevel3                            text         000000
stackhi                              (abs)        0005FF
stacklo                              (abs)        0000AE
start                                init         000196
start_initialization                 cinit        0002EA
ttemp5                               temp         000026
ttemp6                               temp         000029
ttemp7                               temp         00002D
wtemp8                               temp         000026


FUNCTION INFORMATION:

 *************** function _main *****************
 Defined at:
		line 26 in file "main.c"
 Parameters:    Size  Location     Type
		None
 Auto vars:     Size  Location     Type
		None
 Return value:  Size  Location     Type
                  1    wreg      void 
 Registers used:
		wreg, fsr2l, fsr2h, status,2, status,0, prodl, prodh, cstack
 Tracked objects:
		On entry : 
		On exit  : 
		Unchanged: 
 Data sizes:     COMRAM   BANK0   BANK1   BANK2   BANK3   BANK4   BANK5
      Params:         0       0       0       0       0       0       0
      Locals:         0       0       0       0       0       0       0
      Temps:          0       0       0       0       0       0       0
      Totals:         0       0       0       0       0       0       0
Total ram usage:        0 bytes
 Hardware stack levels required when called:    3
 This function calls:
		_ENCODER_SwitchRead
		_IO_ENCODERSetColors
		_MCU_Init
 This function is called by:
		Startup code after reset
 This function uses a non-reentrant model


 *************** function _MCU_Init *****************
 Defined at:
		line 10 in file "mcu.c"
 Parameters:    Size  Location     Type
		None
 Auto vars:     Size  Location     Type
		None
 Return value:  Size  Location     Type
                  1    wreg      void 
 Registers used:
		wreg, status,2, cstack
 Tracked objects:
		On entry : 
		On exit  : 
		Unchanged: 
 Data sizes:     COMRAM   BANK0   BANK1   BANK2   BANK3   BANK4   BANK5
      Params:         0       0       0       0       0       0       0
      Locals:         0       0       0       0       0       0       0
      Temps:          0       0       0       0       0       0       0
      Totals:         0       0       0       0       0       0       0
Total ram usage:        0 bytes
 Hardware stack levels used:    1
 Hardware stack levels required when called:    2
 This function calls:
		_ENCODER_Init
		_INTERRUPT_Enable
		_PWM_Init
 This function is called by:
		_main
 This function uses a non-reentrant model


 *************** function _PWM_Init *****************
 Defined at:
		line 48 in file "io_service.c"
 Parameters:    Size  Location     Type
		None
 Auto vars:     Size  Location     Type
		None
 Return value:  Size  Location     Type
                  1    wreg      void 
 Registers used:
		wreg, status,2
 Tracked objects:
		On entry : 
		On exit  : 
		Unchanged: 
 Data sizes:     COMRAM   BANK0   BANK1   BANK2   BANK3   BANK4   BANK5
      Params:         0       0       0       0       0       0       0
      Locals:         0       0       0       0       0       0       0
      Temps:          0       0       0       0       0       0       0
      Totals:         0       0       0       0       0       0       0
Total ram usage:        0 bytes
 Hardware stack levels used:    1
 Hardware stack levels required when called:    1
 This function calls:
		Nothing
 This function is called by:
		_MCU_Init
 This function uses a non-reentrant model


 *************** function _INTERRUPT_Enable *****************
 Defined at:
		line 12 in file "isr.c"
 Parameters:    Size  Location     Type
		None
 Auto vars:     Size  Location     Type
		None
 Return value:  Size  Location     Type
                  1    wreg      void 
 Registers used:
		None
 Tracked objects:
		On entry : 
		On exit  : 
		Unchanged: 
 Data sizes:     COMRAM   BANK0   BANK1   BANK2   BANK3   BANK4   BANK5
      Params:         0       0       0       0       0       0       0
      Locals:         0       0       0       0       0       0       0
      Temps:          0       0       0       0       0       0       0
      Totals:         0       0       0       0       0       0       0
Total ram usage:        0 bytes
 Hardware stack levels used:    1
 Hardware stack levels required when called:    1
 This function calls:
		Nothing
 This function is called by:
		_MCU_Init
 This function uses a non-reentrant model


 *************** function _ENCODER_Init *****************
 Defined at:
		line 69 in file "io_service.c"
 Parameters:    Size  Location     Type
		None
 Auto vars:     Size  Location     Type
		None
 Return value:  Size  Location     Type
                  1    wreg      void 
 Registers used:
		None
 Tracked objects:
		On entry : 
		On exit  : 
		Unchanged: 
 Data sizes:     COMRAM   BANK0   BANK1   BANK2   BANK3   BANK4   BANK5
      Params:         0       0       0       0       0       0       0
      Locals:         0       0       0       0       0       0       0
      Temps:          0       0       0       0       0       0       0
      Totals:         0       0       0       0       0       0       0
Total ram usage:        0 bytes
 Hardware stack levels used:    1
 Hardware stack levels required when called:    1
 This function calls:
		Nothing
 This function is called by:
		_MCU_Init
 This function uses a non-reentrant model


 *************** function _IO_ENCODERSetColors *****************
 Defined at:
		line 91 in file "io_service.c"
 Parameters:    Size  Location     Type
		None
 Auto vars:     Size  Location     Type
  currentLedNu    2   11[COMRAM] unsigned short 
 Return value:  Size  Location     Type
                  1    wreg      void 
 Registers used:
		wreg, fsr2l, fsr2h, status,2, status,0, prodl, prodh, cstack
 Tracked objects:
		On entry : 
		On exit  : 
		Unchanged: 
 Data sizes:     COMRAM   BANK0   BANK1   BANK2   BANK3   BANK4   BANK5
      Params:         0       0       0       0       0       0       0
      Locals:         2       0       0       0       0       0       0
      Temps:          0       0       0       0       0       0       0
      Totals:         2       0       0       0       0       0       0
Total ram usage:        2 bytes
 Hardware stack levels used:    1
 Hardware stack levels required when called:    2
 This function calls:
		_PWM_SetDutty
		___wmul
 This function is called by:
		_main
 This function uses a non-reentrant model


 *************** function ___wmul *****************
 Defined at:
		line 15 in file "C:\Program Files\Microchip\xc8\v2.20\pic\sources\c99\common\Umul16.c"
 Parameters:    Size  Location     Type
  multiplier      2    2[COMRAM] unsigned int 
  multiplicand    2    4[COMRAM] unsigned int 
 Auto vars:     Size  Location     Type
  product         2    6[COMRAM] unsigned int 
 Return value:  Size  Location     Type
                  2    2[COMRAM] unsigned int 
 Registers used:
		wreg, status,2, status,0, prodl, prodh
 Tracked objects:
		On entry : 
		On exit  : 
		Unchanged: 
 Data sizes:     COMRAM   BANK0   BANK1   BANK2   BANK3   BANK4   BANK5
      Params:         4       0       0       0       0       0       0
      Locals:         2       0       0       0       0       0       0
      Temps:          0       0       0       0       0       0       0
      Totals:         6       0       0       0       0       0       0
Total ram usage:        6 bytes
 Hardware stack levels used:    1
 Hardware stack levels required when called:    1
 This function calls:
		Nothing
 This function is called by:
		_IO_ENCODERSetColors
 This function uses a non-reentrant model


 *************** function _PWM_SetDutty *****************
 Defined at:
		line 63 in file "io_service.c"
 Parameters:    Size  Location     Type
  colorRed        1    wreg     unsigned char 
  colorGreen      1    8[COMRAM] unsigned char 
  colorBlue       1    9[COMRAM] unsigned char 
 Auto vars:     Size  Location     Type
  colorRed        1   10[COMRAM] unsigned char 
 Return value:  Size  Location     Type
                  1    wreg      void 
 Registers used:
		wreg
 Tracked objects:
		On entry : 
		On exit  : 
		Unchanged: 
 Data sizes:     COMRAM   BANK0   BANK1   BANK2   BANK3   BANK4   BANK5
      Params:         2       0       0       0       0       0       0
      Locals:         1       0       0       0       0       0       0
      Temps:          0       0       0       0       0       0       0
      Totals:         3       0       0       0       0       0       0
Total ram usage:        3 bytes
 Hardware stack levels used:    1
 Hardware stack levels required when called:    1
 This function calls:
		Nothing
 This function is called by:
		_IO_ENCODERSetColors
		_LEDRGB_ColorDemo
 This function uses a non-reentrant model


 *************** function _ENCODER_SwitchRead *****************
 Defined at:
		line 81 in file "io_service.c"
 Parameters:    Size  Location     Type
		None
 Auto vars:     Size  Location     Type
		None
 Return value:  Size  Location     Type
                  1    wreg      void 
 Registers used:
		wreg, status,2, status,0
 Tracked objects:
		On entry : 
		On exit  : 
		Unchanged: 
 Data sizes:     COMRAM   BANK0   BANK1   BANK2   BANK3   BANK4   BANK5
      Params:         0       0       0       0       0       0       0
      Locals:         0       0       0       0       0       0       0
      Temps:          2       0       0       0       0       0       0
      Totals:         2       0       0       0       0       0       0
Total ram usage:        2 bytes
 Hardware stack levels used:    1
 Hardware stack levels required when called:    1
 This function calls:
		Nothing
 This function is called by:
		_main
 This function uses a non-reentrant model


 *************** function _INTERRUPT_Manager *****************
 Defined at:
		line 26 in file "isr.c"
 Parameters:    Size  Location     Type
		None
 Auto vars:     Size  Location     Type
		None
 Return value:  Size  Location     Type
                  1    wreg      void 
 Registers used:
		wreg, status,2, status,0
 Tracked objects:
		On entry : 
		On exit  : 
		Unchanged: 
 Data sizes:     COMRAM   BANK0   BANK1   BANK2   BANK3   BANK4   BANK5
      Params:         0       0       0       0       0       0       0
      Locals:         0       0       0       0       0       0       0
      Temps:          2       0       0       0       0       0       0
      Totals:         2       0       0       0       0       0       0
Total ram usage:        2 bytes
 Hardware stack levels used:    1
 This function calls:
		Nothing
 This function is called by:
		Interrupt level 2
 This function uses a non-reentrant model



MODULE INFORMATION

Module		Function		Class		Link	Load	Size
mcu.c
		_MCU_Init      		CODE           	019A	0000	139

mcu.c estimated size: 139

io_service.c
		_ENCODER_Init  		CODE           	03BA	0000	15
		_IO_ENCODERSetColors		CODE           	0224	0000	121
		_PWM_SetDutty  		CODE           	03AA	0000	17
		_ENCODER_SwitchRead		CODE           	0324	0000	47
		_PWM_Init      		CODE           	0378	0000	31

io_service.c estimated size: 231

C:\Program Files\Microchip\xc8\v2.20\pic\sources\c99\common\Umul16.c
		___wmul        		CODE           	0352	0000	39

C:\Program Files\Microchip\xc8\v2.20\pic\sources\c99\common\Umul16.c estimated size: 39

isr.c
		_INTERRUPT_Manager		CODE           	0008	0000	399
		_INTERRUPT_Enable		CODE           	03C8	0000	9

isr.c estimated size: 408

shared
		__initialization		CODE           	02EA	0000	45

shared estimated size: 45

main.c
		_main          		CODE           	0396	0000	21

main.c estimated size: 21

